---
source: crates/biome_css_typed/tests/visibility.rs
expression: results
---
[
    Ok(
        Visibility(
            Visible,
        ),
    ),
    Ok(
        Visibility(
            Hidden,
        ),
    ),
    Ok(
        Visibility(
            Collapse,
        ),
    ),
]
